// Jest Snapshot v1, https://goo.gl/fbAQLP

exports[`Render GenresList Should GenresList render correctly 1`] = `
<ul
  className="catalog__genres-list"
>
  <li
    className="catalog__genres-item "
  >
    <a
      className="catalog__genres-link"
      onClick={[Function]}
    >
      Comedies
    </a>
  </li>
  <li
    className="catalog__genres-item "
  >
    <a
      className="catalog__genres-link"
      onClick={[Function]}
    >
      Crime
    </a>
  </li>
  <li
    className="catalog__genres-item "
  >
    <a
      className="catalog__genres-link"
      onClick={[Function]}
    >
      Documentary
    </a>
  </li>
  <li
    className="catalog__genres-item "
  >
    <a
      className="catalog__genres-link"
      onClick={[Function]}
    >
      Drama
    </a>
  </li>
  <li
    className="catalog__genres-item "
  >
    <a
      className="catalog__genres-link"
      onClick={[Function]}
    >
      Horror
    </a>
  </li>
  <li
    className="catalog__genres-item "
  >
    <a
      className="catalog__genres-link"
      onClick={[Function]}
    >
      Kids & Family
    </a>
  </li>
  <li
    className="catalog__genres-item "
  >
    <a
      className="catalog__genres-link"
      onClick={[Function]}
    >
      Romance
    </a>
  </li>
  <li
    className="catalog__genres-item "
  >
    <a
      className="catalog__genres-link"
      onClick={[Function]}
    >
      Sci-Fi
    </a>
  </li>
  <li
    className="catalog__genres-item "
  >
    <a
      className="catalog__genres-link"
      onClick={[Function]}
    >
      Thrillers
    </a>
  </li>
  <li
    className="catalog__genres-item "
  >
    <a
      className="catalog__genres-link"
      onClick={[Function]}
    >
      Drama
    </a>
  </li>
</ul>
`;
